0x3d4aa8e0 N 0x3d4aa8e4
0x647b63b4 N 0x647b63b8
0x31431768 N 0x3143176c
0x6b88d8c0 N 0x6b88d8c4
0x31431768 N 0x3143176c
0x7f79c630 N 0x7f79c634
0x3d4aa8e0 T 0x752c9df8
0x647b63b4 N 0x647b63b8
0x7f79c630 N 0x7f79c634
0x7f79c630 N 0x7f79c634
0x1e0ccf98 N 0x1e0ccf9c
0x1e0ccf98 N 0x1e0ccf9c
0x6b88d8c0 N 0x6b88d8c4
0x3d4aa8e0 N 0x3d4aa8e4
flush_num: 5, br_num: 14, size: 1442b
