0x39d6009c N 0x39d600a0
0x75b68d8c N 0x75b68d90
flush_num: 0, br_num: 2, size: 4903b
