0x11209e3c N 0x11209e40
0x7771b54c N 0x7771b550
0x11209e3c N 0x11209e40
0x139412d8 N 0x139412dc
0x13d48564 N 0x13d48568
0x11209e3c N 0x11209e40
0x7771b54c N 0x7771b550
0x7771b54c N 0x7771b550
0x13d48564 N 0x13d48568
0x21f7dc88 N 0x21f7dc8c
0x13d48564 N 0x13d48568
0x7771b54c N 0x7771b550
0x6aa9983c N 0x6aa99840
0x7771b54c N 0x7771b550
0x13d48564 N 0x13d48568
flush_num: 6, br_num: 15, size: 114b
