0xdf7dabc N 0xdf7dac0
0xdf7dabc N 0xdf7dac0
0x57a8b354 N 0x57a8b358
0xdd7d048 N 0xdd7d04c
0x75b81e58 N 0x75b81e5c
0x282879dc N 0x282879e0
0xdf7dabc N 0xdf7dac0
0x2c449cb8 N 0x2c449cbc
0x49e3a6c N 0x49e3a70
0xdd7d048 N 0xdd7d04c
0x282879dc N 0x282879e0
0x282879dc T 0x65463568
0x49e3a6c N 0x49e3a70
0x57a8b354 N 0x57a8b358
flush_num: 7, br_num: 14, size: 172b
