0x598220e0 N 0x598220e4
0x598220e0 N 0x598220e4
0x6807b068 N 0x6807b06c
0x6807b068 N 0x6807b06c
0x6807b068 N 0x6807b06c
0x598220e0 N 0x598220e4
flush_num: 2, br_num: 6, size: 1377b
