0x2261c848 N 0x2261c84c
0x1140f1f0 N 0x1140f1f4
0x1140f1f0 T 0x4826f768
0x1140f1f0 N 0x1140f1f4
0x744650d8 N 0x744650dc
0x720828a8 N 0x720828ac
0x2261c848 N 0x2261c84c
0x744650d8 T 0x5b979d74
0x63f8aa30 N 0x63f8aa34
0x4c0da938 N 0x4c0da93c
0x744650d8 N 0x744650dc
0x4c0da938 N 0x4c0da93c
0x4c0da938 T 0x643032e0
0x4c0da938 T 0x643032e0
0x2261c848 T 0x16496eb0
0x4c0da938 T 0x643032e0
0x720828a8 N 0x720828ac
0x63f8aa30 T 0x2fc1e19c
0x4c0da938 T 0x643032e0
0x63f8aa30 T 0x2fc1e19c
0x4c0da938 T 0x643032e0
0x2261c848 N 0x2261c84c
0x720828a8 N 0x720828ac
flush_num: 15, br_num: 23, size: 432b
