0x3b0d00ec N 0x3b0d00f0
0x6820f050 N 0x6820f054
0x3b0d00ec T 0x7f46b2a4
0x3d712f74 N 0x3d712f78
0x594c792c N 0x594c7930
0x2be854 N 0x2be858
0x1f01c878 N 0x1f01c87c
0x3d712f74 T 0x41475e9c
0x2be854 T 0x5a7dd53c
0x3b0d00ec T 0x7f46b2a4
0x3d712f74 T 0x41475e9c
0x3b0d00ec T 0x7f46b2a4
0x2be854 T 0x5a7dd53c
flush_num: 5, br_num: 13, size: 5158b
