0x7d1221a4 N 0x7d1221a8
0x21d1a0d8 N 0x21d1a0dc
flush_num: 2, br_num: 2, size: 559b
