0x7db470bc N 0x7db470c0
0x7db470bc T 0xae4d734
0x5f69ab30 N 0x5f69ab34
0x7363908c N 0x73639090
0x121acea4 N 0x121acea8
0x121acea4 T 0x51798e48
0x3e36af54 N 0x3e36af58
0x7db470bc N 0x7db470c0
flush_num: 6, br_num: 8, size: 1259b
