0x13788e50 N 0x13788e54
0x13788e50 N 0x13788e54
0x13788e50 N 0x13788e54
0x13788e50 N 0x13788e54
0x13788e50 N 0x13788e54
0x13788e50 N 0x13788e54
0x13788e50 N 0x13788e54
0x13788e50 N 0x13788e54
0x13788e50 N 0x13788e54
0x13788e50 N 0x13788e54
0x13788e50 T 0x7941d358
flush_num: 7, br_num: 11, size: 182b
