0x340943cc N 0x340943d0
0x340943cc N 0x340943d0
flush_num: 2, br_num: 2, size: 305b
