0x71b28c08 N 0x71b28c0c
0x11baa82c N 0x11baa830
0x1794964 N 0x1794968
0x71b28c08 T 0x2250b384
0x71b28c08 T 0x2250b384
0x11baa82c T 0x7ae6e62c
0x23ef8d5c N 0x23ef8d60
0x23ef8d5c T 0x3f97ec5c
0x71b28c08 T 0x2250b384
0x23ef8d5c T 0x3f97ec5c
0x11baa82c T 0x7ae6e62c
0x71b28c08 T 0x2250b384
0x11baa82c T 0x7ae6e62c
0x1794964 T 0x3ebb8644
0x1794964 T 0x3ebb8644
0x71b28c08 T 0x2250b384
flush_num: 11, br_num: 16, size: 1143b
