0x4c7390ec N 0x4c7390f0
0x74747bc4 N 0x74747bc8
0x4bc2e9c8 N 0x4bc2e9cc
0x74747bc4 N 0x74747bc8
0x1ccee9a0 N 0x1ccee9a4
0x4c7390ec N 0x4c7390f0
0x74747bc4 N 0x74747bc8
0x4bc2e9c8 N 0x4bc2e9cc
0x4afc7b98 N 0x4afc7b9c
0x4c7390ec N 0x4c7390f0
0x74747bc4 N 0x74747bc8
0x4afc7b98 N 0x4afc7b9c
0x1ccee9a0 N 0x1ccee9a4
0x1ccee9a0 N 0x1ccee9a4
0x1ccee9a0 N 0x1ccee9a4
0x4afc7b98 N 0x4afc7b9c
0x4afc7b98 N 0x4afc7b9c
0x1ccee9a0 N 0x1ccee9a4
0x4c7390ec N 0x4c7390f0
flush_num: 12, br_num: 19, size: 311b
