0x56c65228 N 0x56c6522c
0x56c65228 N 0x56c6522c
0x56c65228 N 0x56c6522c
0x56c65228 N 0x56c6522c
0x56c65228 N 0x56c6522c
0x56c65228 N 0x56c6522c
0x56c65228 N 0x56c6522c
0x56c65228 T 0x6d38a1f4
0x56c65228 T 0x6d38a1f4
0x56c65228 N 0x56c6522c
flush_num: 3, br_num: 10, size: 434b
