0x4de56050 N 0x4de56054
0x20d76a20 T 0x5cb6d950
0x6223439c N 0x622343a0
0x6dcb1ad0 T 0x2d00de18
0x6223439c T 0x16c391e0
flush_num: 4, br_num: 5, size: 294b
