0x29074c50 N 0x29074c54
0x29074c50 T 0x550a7288
0x29074c50 T 0x550a7288
0x29074c50 T 0x550a7288
0x29074c50 T 0x550a7288
0x29074c50 T 0x550a7288
0x29074c50 T 0x550a7288
0x29074c50 N 0x29074c54
0x29074c50 N 0x29074c54
0x29074c50 N 0x29074c54
0x29074c50 N 0x29074c54
0x29074c50 N 0x29074c54
0x29074c50 N 0x29074c54
0x29074c50 T 0x550a7288
0x29074c50 N 0x29074c54
flush_num: 7, br_num: 15, size: 93b
