0x22151098 N 0x2215109c
0x22151098 T 0x2d6bfff0
0x306714a4 N 0x306714a8
0x60411410 N 0x60411414
0x5048da6c N 0x5048da70
flush_num: 1, br_num: 5, size: 298b
