0x4c53b578 N 0x4c53b57c
0x4123f5f0 N 0x4123f5f4
0x4123f5f0 N 0x4123f5f4
0x193626c8 N 0x193626cc
0x193626c8 N 0x193626cc
0x4c53b578 N 0x4c53b57c
0x4c53b578 N 0x4c53b57c
0x4123f5f0 N 0x4123f5f4
0x4c53b578 N 0x4c53b57c
0x4123f5f0 N 0x4123f5f4
0x193626c8 N 0x193626cc
0x4c53b578 N 0x4c53b57c
0x4123f5f0 N 0x4123f5f4
0x4c53b578 N 0x4c53b57c
0x193626c8 N 0x193626cc
0x2f528184 N 0x2f528188
0x193626c8 N 0x193626cc
0x4c53b578 N 0x4c53b57c
0x2f528184 N 0x2f528188
0x2f528184 N 0x2f528188
0x2f528184 N 0x2f528188
0x2f528184 N 0x2f528188
0x193626c8 N 0x193626cc
0x193626c8 N 0x193626cc
0x4c53b578 N 0x4c53b57c
flush_num: 13, br_num: 25, size: 128b
