0x7787a8b8 N 0x7787a8bc
0x7787a8b8 N 0x7787a8bc
0x34a324e0 N 0x34a324e4
0x2421dac0 N 0x2421dac4
0x34a324e0 N 0x34a324e4
0x34a324e0 N 0x34a324e4
0x2421dac0 N 0x2421dac4
0x7787a8b8 N 0x7787a8bc
0x70ca03ec N 0x70ca03f0
0x5b1ac3a8 N 0x5b1ac3ac
0x70ca03ec T 0x1a4ae53c
0x34a324e0 N 0x34a324e4
0x7787a8b8 N 0x7787a8bc
0x20a45600 N 0x20a45604
0x2421dac0 N 0x2421dac4
0x2421dac0 N 0x2421dac4
0x20a45600 T 0x4bbfad4c
0x34a324e0 N 0x34a324e4
0x378c8d18 N 0x378c8d1c
flush_num: 8, br_num: 19, size: 140b
