0x11d86154 N 0x11d86158
0x6e3b218 N 0x6e3b21c
0x3306cfdc N 0x3306cfe0
0x1b3764f4 N 0x1b3764f8
0x11d86154 N 0x11d86158
0x3306cfdc N 0x3306cfe0
0x6e3b218 N 0x6e3b21c
0x25357214 N 0x25357218
0x21db278c N 0x21db2790
0x21db278c N 0x21db2790
0x6e3b218 N 0x6e3b21c
0x6e3b218 N 0x6e3b21c
0x6e3b218 N 0x6e3b21c
0x1b3764f4 N 0x1b3764f8
0x683857ec N 0x683857f0
0x6e3b218 N 0x6e3b21c
flush_num: 10, br_num: 16, size: 226b
