0x743652dc N 0x743652e0
0x74d04078 N 0x74d0407c
0x38096170 N 0x38096174
0x64be63b8 N 0x64be63bc
0x7fcf7420 N 0x7fcf7424
0x74d04078 N 0x74d0407c
flush_num: 2, br_num: 6, size: 1344b
