0xe13a31c N 0xe13a320
0xe13a31c N 0xe13a320
0x37a4c7c8 N 0x37a4c7cc
0x4352607c N 0x43526080
0x71e41eb8 N 0x71e41ebc
0x7b3f0a0c N 0x7b3f0a10
0xe13a31c N 0xe13a320
0x28af0b3c N 0x28af0b40
0x71e41eb8 N 0x71e41ebc
0x4352607c N 0x43526080
0xe13a31c N 0xe13a320
0x37a4c7c8 N 0x37a4c7cc
0x37a4c7c8 N 0x37a4c7cc
0x71e41eb8 N 0x71e41ebc
0x28af0b3c N 0x28af0b40
0xe13a31c N 0xe13a320
0x4352607c N 0x43526080
0x37a4c7c8 N 0x37a4c7cc
0xe13a31c N 0xe13a320
0x7b3f0a0c N 0x7b3f0a10
0x7f75be3c N 0x7f75be40
flush_num: 9, br_num: 21, size: 9536b
