0x5e9f0fdc N 0x5e9f0fe0
0x5e9f0fdc N 0x5e9f0fe0
0x31ffbc50 N 0x31ffbc54
0x5e9f0fdc N 0x5e9f0fe0
0x3e42e828 N 0x3e42e82c
0x3d8a0ec0 N 0x3d8a0ec4
0x3d8a0ec0 N 0x3d8a0ec4
0x5e9f0fdc N 0x5e9f0fe0
0x3e42e828 N 0x3e42e82c
0x5e9f0fdc N 0x5e9f0fe0
0x3d2d78c4 N 0x3d2d78c8
0x5e9f0fdc N 0x5e9f0fe0
0x5e9f0fdc T 0x1d55b7dc
0x3d8a0ec0 N 0x3d8a0ec4
0x3e42e828 T 0x785750ac
0x3e42e828 N 0x3e42e82c
0x3d2d78c4 N 0x3d2d78c8
0x3d2d78c4 N 0x3d2d78c8
0x3d8a0ec0 N 0x3d8a0ec4
0x5e9f0fdc T 0x1d55b7dc
0x3e42e828 T 0x785750ac
flush_num: 12, br_num: 21, size: 976b
