0x1cd7cb18 N 0x1cd7cb1c
0x3ccf92f0 N 0x3ccf92f4
0x45b2dac0 N 0x45b2dac4
0x1cd7cb18 N 0x1cd7cb1c
0x1cd7cb18 T 0x4f149ad8
0x9c06204 N 0x9c06208
0x1cd7cb18 T 0x4f149ad8
0x45b2dac0 N 0x45b2dac4
0x3ccf92f0 N 0x3ccf92f4
0x1cd7cb18 T 0x4f149ad8
0x9c06204 N 0x9c06208
0x3ccf92f0 N 0x3ccf92f4
0x3ccf92f0 T 0x434d5210
0xa92a40c N 0xa92a410
0x45b2dac0 N 0x45b2dac4
0xa92a40c N 0xa92a410
0x1cd7cb18 T 0x4f149ad8
0x9c06204 N 0x9c06208
0x1cd7cb18 T 0x4f149ad8
flush_num: 7, br_num: 19, size: 840b
