0x217dfbdc N 0x217dfbe0
0x67d27f38 N 0x67d27f3c
0x2b883c44 N 0x2b883c48
0x217dfbdc N 0x217dfbe0
0x217dfbdc N 0x217dfbe0
0x2c9ba154 N 0x2c9ba158
0x217dfbdc N 0x217dfbe0
0x2c9ba154 N 0x2c9ba158
0x67d27f38 N 0x67d27f3c
0x36047f54 N 0x36047f58
0x2b883c44 N 0x2b883c48
0x67d27f38 N 0x67d27f3c
0x67d27f38 N 0x67d27f3c
0x36047f54 N 0x36047f58
0x36047f54 N 0x36047f58
0x217dfbdc N 0x217dfbe0
0x67d27f38 N 0x67d27f3c
0x67d27f38 N 0x67d27f3c
0x2b883c44 N 0x2b883c48
0x43f7ae64 N 0x43f7ae68
flush_num: 9, br_num: 20, size: 3173b
