0x288b3a58 N 0x288b3a5c
0x644894b0 N 0x644894b4
0x5aa24ea4 N 0x5aa24ea8
0x288b3a58 N 0x288b3a5c
0x11889a34 N 0x11889a38
0x638de8fc N 0x638de900
0x5aa24ea4 N 0x5aa24ea8
0x644894b0 N 0x644894b4
0x644894b0 N 0x644894b4
0x5aa24ea4 N 0x5aa24ea8
0x45d5c34c N 0x45d5c350
0x638de8fc N 0x638de900
0x5aa24ea4 N 0x5aa24ea8
0x638de8fc N 0x638de900
0x11889a34 N 0x11889a38
0x45d5c34c N 0x45d5c350
0x3cc8ca5c N 0x3cc8ca60
flush_num: 10, br_num: 17, size: 186b
