0x771ae4cc N 0x771ae4d0
0x8bfec80 N 0x8bfec84
0x3db2e2d0 N 0x3db2e2d4
0x1056a130 N 0x1056a134
flush_num: 1, br_num: 4, size: 460b
