0x1af207e4 N 0x1af207e8
0x322014a4 N 0x322014a8
0x1af207e4 N 0x1af207e8
0x72fd6854 N 0x72fd6858
0x72fd6854 N 0x72fd6858
0x30bd9ec8 N 0x30bd9ecc
0x45a30480 N 0x45a30484
0x1af207e4 N 0x1af207e8
flush_num: 5, br_num: 8, size: 3264b
