0x352c07bc N 0x352c07c0
0x63f6f774 N 0x63f6f778
0x63f6f774 N 0x63f6f778
0x63f6f774 N 0x63f6f778
0x352c07bc N 0x352c07c0
0x63f6f774 N 0x63f6f778
flush_num: 4, br_num: 6, size: 615b
