0x42c99fc N 0x42c9a00
0x42c99fc N 0x42c9a00
0x5a9ffca4 N 0x5a9ffca8
0x1b6cae0 N 0x1b6cae4
0xf88d5f0 N 0xf88d5f4
0x5a9ffca4 N 0x5a9ffca8
0x5a9ffca4 N 0x5a9ffca8
0x1b6cae0 N 0x1b6cae4
0x5a9ffca4 N 0x5a9ffca8
0x42c99fc N 0x42c9a00
0x1b6cae0 N 0x1b6cae4
0x5a9ffca4 N 0x5a9ffca8
0x1b6cae0 N 0x1b6cae4
flush_num: 5, br_num: 13, size: 114b
