0x78cafce8 N 0x78cafcec
0x78cafce8 N 0x78cafcec
0x78cafce8 N 0x78cafcec
0x78cafce8 N 0x78cafcec
0x78cafce8 N 0x78cafcec
0x78cafce8 N 0x78cafcec
0x78cafce8 N 0x78cafcec
0x78cafce8 T 0x2fba6c18
0x78cafce8 N 0x78cafcec
0x78cafce8 T 0x2fba6c18
0x78cafce8 N 0x78cafcec
0x78cafce8 N 0x78cafcec
0x78cafce8 N 0x78cafcec
0x78cafce8 N 0x78cafcec
0x78cafce8 N 0x78cafcec
0x78cafce8 N 0x78cafcec
0x78cafce8 N 0x78cafcec
0x78cafce8 N 0x78cafcec
flush_num: 5, br_num: 18, size: 328b
