0x284dd900 N 0x284dd904
0x6f6a8654 N 0x6f6a8658
0x2681b484 N 0x2681b488
0x2681b484 N 0x2681b488
0x13c0fab0 N 0x13c0fab4
0x2681b484 N 0x2681b488
0x284dd900 N 0x284dd904
0x13c0fab0 N 0x13c0fab4
flush_num: 7, br_num: 8, size: 945b
