0x37828fc0 N 0x37828fc4
0x5cdd4d7c N 0x5cdd4d80
0x37828fc0 N 0x37828fc4
0x4c44e0c4 N 0x4c44e0c8
0x531afc80 N 0x531afc84
0x531afc80 N 0x531afc84
0x37828fc0 N 0x37828fc4
0x5cdd4d7c N 0x5cdd4d80
0x37828fc0 N 0x37828fc4
0x4c44e0c4 N 0x4c44e0c8
0x4c44e0c4 N 0x4c44e0c8
0x4c44e0c4 N 0x4c44e0c8
0x5cdd4d7c N 0x5cdd4d80
0x5cdd4d7c N 0x5cdd4d80
0x36231154 N 0x36231158
0x4c44e0c4 N 0x4c44e0c8
0x531afc80 N 0x531afc84
0x37828fc0 N 0x37828fc4
0x5cdd4d7c N 0x5cdd4d80
0x36231154 N 0x36231158
0x5cdd4d7c N 0x5cdd4d80
0x1570d2d4 N 0x1570d2d8
0x4c44e0c4 T 0x567016c4
0x36231154 N 0x36231158
flush_num: 10, br_num: 24, size: 1188b
