0x4526bdf4 N 0x4526bdf8
0x4526bdf4 N 0x4526bdf8
0x4526bdf4 N 0x4526bdf8
0x4526bdf4 N 0x4526bdf8
0x4526bdf4 N 0x4526bdf8
0x4526bdf4 N 0x4526bdf8
0x4526bdf4 N 0x4526bdf8
0x4526bdf4 N 0x4526bdf8
0x4526bdf4 N 0x4526bdf8
flush_num: 5, br_num: 9, size: 180b
