0x3e62b4fc N 0x3e62b500
0x387614c N 0x3876150
0x3e62b4fc N 0x3e62b500
0x387614c N 0x3876150
0x3e62b4fc N 0x3e62b500
0x3e62b4fc N 0x3e62b500
0x3e62b4fc N 0x3e62b500
0x3e62b4fc N 0x3e62b500
0x3e62b4fc N 0x3e62b500
0x3e62b4fc N 0x3e62b500
0x387614c N 0x3876150
0x3e62b4fc N 0x3e62b500
0x387614c N 0x3876150
0x3e62b4fc N 0x3e62b500
0x3e62b4fc N 0x3e62b500
0x3e62b4fc N 0x3e62b500
0x3e62b4fc N 0x3e62b500
0x387614c N 0x3876150
0x3e62b4fc N 0x3e62b500
0x3e62b4fc N 0x3e62b500
0x3e62b4fc N 0x3e62b500
0x3e62b4fc N 0x3e62b500
flush_num: 12, br_num: 22, size: 832b
