0x627d6e08 N 0x627d6e0c
0x3aa6efb4 N 0x3aa6efb8
0x627d6e08 N 0x627d6e0c
0x627d6e08 N 0x627d6e0c
0x3aa6efb4 N 0x3aa6efb8
0x627d6e08 N 0x627d6e0c
0x627d6e08 N 0x627d6e0c
0x627d6e08 N 0x627d6e0c
0x3aa6efb4 N 0x3aa6efb8
0x627d6e08 N 0x627d6e0c
0x627d6e08 N 0x627d6e0c
0x3aa6efb4 N 0x3aa6efb8
0x3aa6efb4 N 0x3aa6efb8
0x627d6e08 T 0x7732ff0c
0x3aa6efb4 N 0x3aa6efb8
0x627d6e08 N 0x627d6e0c
0x3aa6efb4 N 0x3aa6efb8
0x627d6e08 N 0x627d6e0c
flush_num: 9, br_num: 18, size: 1345b
