0x2fc34c00 N 0x2fc34c04
0x2fc34c00 N 0x2fc34c04
0x2fc34c00 N 0x2fc34c04
0x2fc34c00 N 0x2fc34c04
0x2fc34c00 N 0x2fc34c04
flush_num: 1, br_num: 5, size: 680b
