0x533b6818 N 0x533b681c
0x43df06c8 N 0x43df06cc
0x533b6818 N 0x533b681c
0x7b4f260 N 0x7b4f264
0x5df50fe8 N 0x5df50fec
0x28a52c28 N 0x28a52c2c
0x43df06c8 N 0x43df06cc
flush_num: 4, br_num: 7, size: 333b
