0x22fb0894 N 0x22fb0898
0x22fb0894 N 0x22fb0898
0x22fb0894 N 0x22fb0898
0x13f62660 N 0x13f62664
0x13f62660 N 0x13f62664
0x13f62660 N 0x13f62664
0x22fb0894 N 0x22fb0898
0x8a582b8 N 0x8a582bc
0x22fb0894 N 0x22fb0898
0x13f62660 N 0x13f62664
0x13f62660 N 0x13f62664
0x13f62660 N 0x13f62664
0x8a582b8 N 0x8a582bc
0x22fb0894 N 0x22fb0898
0x22fb0894 N 0x22fb0898
0x63a28170 N 0x63a28174
0x22fb0894 T 0x2f385070
0x22fb0894 T 0x2f385070
0x63a28170 N 0x63a28174
0x8a582b8 N 0x8a582bc
0x63a28170 N 0x63a28174
0x22fb0894 N 0x22fb0898
0x63a28170 N 0x63a28174
0x22fb0894 N 0x22fb0898
0x8a582b8 N 0x8a582bc
flush_num: 11, br_num: 25, size: 423b
