0x45407ab4 N 0x45407ab8
0x6c5cccac N 0x6c5cccb0
0x6c5cccac N 0x6c5cccb0
0x45407ab4 N 0x45407ab8
0x45407ab4 T 0x68a30564
0x45407ab4 N 0x45407ab8
0x6c5cccac N 0x6c5cccb0
0x45407ab4 N 0x45407ab8
0x6c5cccac N 0x6c5cccb0
0x45407ab4 N 0x45407ab8
0x6c5cccac N 0x6c5cccb0
0x45407ab4 N 0x45407ab8
0x6c5cccac N 0x6c5cccb0
0x45407ab4 N 0x45407ab8
0x45407ab4 N 0x45407ab8
0x45407ab4 T 0x68a30564
0x45407ab4 N 0x45407ab8
0x45407ab4 N 0x45407ab8
0x6c5cccac N 0x6c5cccb0
0x45407ab4 N 0x45407ab8
0x45407ab4 N 0x45407ab8
0x45407ab4 N 0x45407ab8
0x45407ab4 N 0x45407ab8
0x45407ab4 N 0x45407ab8
flush_num: 17, br_num: 24, size: 704b
