0x181e6a64 N 0x181e6a68
0x20162430 N 0x20162434
0x20162430 N 0x20162434
0x20162430 N 0x20162434
0x20162430 T 0x4aaf64ec
0x20162430 T 0x4aaf64ec
0x20162430 T 0x4aaf64ec
0x20162430 T 0x4aaf64ec
0x181e6a64 T 0x504796f4
flush_num: 3, br_num: 9, size: 1032b
