0x14800e78 N 0x14800e7c
0x14800e78 T 0x17057ea8
0x14800e78 T 0x17057ea8
0x521de98c N 0x521de990
0x521de98c T 0x19d93c50
0x14800e78 T 0x17057ea8
0x521de98c T 0x19d93c50
0x521de98c T 0x19d93c50
0x521de98c T 0x19d93c50
0x521de98c T 0x19d93c50
0x521de98c T 0x19d93c50
flush_num: 4, br_num: 11, size: 469b
