0x3fa4ad44 N 0x3fa4ad48
0x4aa11e84 N 0x4aa11e88
0x35d51644 N 0x35d51648
0x2a6600f8 N 0x2a6600fc
0x6e1e5e9c N 0x6e1e5ea0
0x35d51644 N 0x35d51648
0x6e1e5e9c N 0x6e1e5ea0
0x5046c47c N 0x5046c480
0x69c1ebc N 0x69c1ec0
0x3fa4ad44 N 0x3fa4ad48
0x2a6600f8 T 0x35c02088
0x41f75b60 N 0x41f75b64
0x4aa11e84 N 0x4aa11e88
0x69c1ebc T 0x52bb8584
flush_num: 8, br_num: 14, size: 1220b
