0x7c40c060 N 0x7c40c064
0x7c40c060 T 0x359f04a4
0xc4ea178 N 0xc4ea17c
0x7c40c060 T 0x359f04a4
0xc4ea178 T 0x71610120
0x7c40c060 T 0x359f04a4
0x7c40c060 T 0x359f04a4
0xc4ea178 T 0x71610120
0x4fb14d0c N 0x4fb14d10
0x7c40c060 T 0x359f04a4
0x4fb14d0c T 0x2a9d641c
flush_num: 7, br_num: 11, size: 317b
