0x394afbb0 N 0x394afbb4
0x38554d6c N 0x38554d70
0x394afbb0 N 0x394afbb4
0x394afbb0 N 0x394afbb4
0x38554d6c N 0x38554d70
0x38554d6c N 0x38554d70
0x38554d6c N 0x38554d70
0x38554d6c N 0x38554d70
0x394afbb0 N 0x394afbb4
0x38554d6c N 0x38554d70
0x394afbb0 N 0x394afbb4
0x38554d6c N 0x38554d70
0x38554d6c N 0x38554d70
0x38554d6c N 0x38554d70
0x394afbb0 N 0x394afbb4
0x394afbb0 N 0x394afbb4
0x38554d6c N 0x38554d70
0x394afbb0 N 0x394afbb4
0x38554d6c N 0x38554d70
0x394afbb0 N 0x394afbb4
0x38554d6c N 0x38554d70
flush_num: 11, br_num: 21, size: 437b
