0x23c95448 N 0x23c9544c
0x23c95448 T 0x673dbce4
0x23c95448 T 0x673dbce4
0x23c95448 T 0x673dbce4
0x23c95448 T 0x673dbce4
0x23c95448 T 0x673dbce4
0x23c95448 T 0x673dbce4
flush_num: 4, br_num: 7, size: 1368b
