0x5a7d7718 N 0x5a7d771c
0x21d71534 N 0x21d71538
0x5a7d7718 T 0x7797cc5c
0x5a7d7718 T 0x7797cc5c
0x33f3a110 N 0x33f3a114
0x33f3a110 T 0x683ca794
0x7e449ecc N 0x7e449ed0
0x33f3a110 N 0x33f3a114
0x21d71534 T 0x18d666c8
0x33f3a110 N 0x33f3a114
0x21d71534 T 0x18d666c8
0x7e449ecc T 0x31c93e40
flush_num: 6, br_num: 12, size: 392b
