0x4b95cf04 N 0x4b95cf08
0x44934494 N 0x44934498
0x44934494 N 0x44934498
0x44934494 N 0x44934498
0x44934494 N 0x44934498
flush_num: 2, br_num: 5, size: 609b
