0x77de138 N 0x77de13c
0x5ffc5e70 N 0x5ffc5e74
0x7335c23c N 0x7335c240
0x7335c23c N 0x7335c240
0x319f14c4 N 0x319f14c8
0x27ec1904 N 0x27ec1908
0x4fa5bd40 N 0x4fa5bd44
0x27ec1904 N 0x27ec1908
0x1f06fdd0 N 0x1f06fdd4
0x7335c23c N 0x7335c240
0x4fa5bd40 N 0x4fa5bd44
0x319f14c4 N 0x319f14c8
0x4fa5bd40 N 0x4fa5bd44
0x27ec1904 N 0x27ec1908
0x319f14c4 N 0x319f14c8
0x46e5d0bc N 0x46e5d0c0
0x319f14c4 N 0x319f14c8
0x46e5d0bc N 0x46e5d0c0
0x1f06fdd0 N 0x1f06fdd4
0x7335c23c N 0x7335c240
0x1f06fdd0 N 0x1f06fdd4
0x7335c23c N 0x7335c240
0x77de138 N 0x77de13c
0x1f06fdd0 N 0x1f06fdd4
0x4fa5bd40 N 0x4fa5bd44
flush_num: 10, br_num: 25, size: 1616b
