0x7c4c0ed0 N 0x7c4c0ed4
0x53b720f8 N 0x53b720fc
0x7c4c0ed0 T 0x11dbb4ac
0x7c4c0ed0 T 0x11dbb4ac
0x45dbb84c N 0x45dbb850
0x53b720f8 T 0x624d4984
0x20ad850c N 0x20ad8510
0x53b720f8 T 0x624d4984
flush_num: 3, br_num: 8, size: 3141b
